// Jest Snapshot v1, https://goo.gl/fbAQLP

exports[`RecentMovies should match the snapshot 1`] = `
ShallowWrapper {
  "length": 1,
  Symbol(enzyme.__root__): [Circular],
  Symbol(enzyme.__unrendered__): <Unknown
    films={
        Array [
            Object {
              "movie_id": 1,
            },
            Object {
              "movie_id": 2,
            },
            Object {
              "movie_id": 3,
            },
          ]
    }
    user={
        Object {
            "user_id": 1,
          }
    }
/>,
  Symbol(enzyme.__renderer__): Object {
    "batchedUpdates": [Function],
    "getNode": [Function],
    "render": [Function],
    "simulateEvent": [Function],
    "unmount": [Function],
  },
  Symbol(enzyme.__node__): Object {
    "instance": null,
    "key": undefined,
    "nodeType": "host",
    "props": Object {
      "children": Array [
        <Connect(Component)
          movie_id={1}
          user={
                    Object {
                              "user_id": 1,
                            }
          }
/>,
        <Connect(Component)
          movie_id={2}
          user={
                    Object {
                              "user_id": 1,
                            }
          }
/>,
        <Connect(Component)
          movie_id={3}
          user={
                    Object {
                              "user_id": 1,
                            }
          }
/>,
      ],
      "className": "movies-container",
    },
    "ref": null,
    "rendered": Array [
      Object {
        "instance": null,
        "key": "1",
        "nodeType": "class",
        "props": Object {
          "movie_id": 1,
          "user": Object {
            "user_id": 1,
          },
        },
        "ref": null,
        "rendered": null,
        "type": [Function],
      },
      Object {
        "instance": null,
        "key": "2",
        "nodeType": "class",
        "props": Object {
          "movie_id": 2,
          "user": Object {
            "user_id": 1,
          },
        },
        "ref": null,
        "rendered": null,
        "type": [Function],
      },
      Object {
        "instance": null,
        "key": "3",
        "nodeType": "class",
        "props": Object {
          "movie_id": 3,
          "user": Object {
            "user_id": 1,
          },
        },
        "ref": null,
        "rendered": null,
        "type": [Function],
      },
    ],
    "type": "div",
  },
  Symbol(enzyme.__nodes__): Array [
    Object {
      "instance": null,
      "key": undefined,
      "nodeType": "host",
      "props": Object {
        "children": Array [
          <Connect(Component)
            movie_id={1}
            user={
                        Object {
                                    "user_id": 1,
                                  }
            }
/>,
          <Connect(Component)
            movie_id={2}
            user={
                        Object {
                                    "user_id": 1,
                                  }
            }
/>,
          <Connect(Component)
            movie_id={3}
            user={
                        Object {
                                    "user_id": 1,
                                  }
            }
/>,
        ],
        "className": "movies-container",
      },
      "ref": null,
      "rendered": Array [
        Object {
          "instance": null,
          "key": "1",
          "nodeType": "class",
          "props": Object {
            "movie_id": 1,
            "user": Object {
              "user_id": 1,
            },
          },
          "ref": null,
          "rendered": null,
          "type": [Function],
        },
        Object {
          "instance": null,
          "key": "2",
          "nodeType": "class",
          "props": Object {
            "movie_id": 2,
            "user": Object {
              "user_id": 1,
            },
          },
          "ref": null,
          "rendered": null,
          "type": [Function],
        },
        Object {
          "instance": null,
          "key": "3",
          "nodeType": "class",
          "props": Object {
            "movie_id": 3,
            "user": Object {
              "user_id": 1,
            },
          },
          "ref": null,
          "rendered": null,
          "type": [Function],
        },
      ],
      "type": "div",
    },
  ],
  Symbol(enzyme.__options__): Object {
    "adapter": ReactSixteenAdapter {
      "options": Object {
        "enableComponentDidUpdateOnSetState": true,
      },
    },
  },
}
`;
