// Jest Snapshot v1, https://goo.gl/fbAQLP

exports[`Card should match the snapshot 1`] = `
ShallowWrapper {
  "length": 1,
  Symbol(enzyme.__root__): [Circular],
  Symbol(enzyme.__unrendered__): <Unknown
    film_id={1}
    overview="a bunch of text about how bad this move is"
    poster_path="www.theworstmovieever.com"
    release_date={2014}
    title="Fury"
    vote_average={34}
/>,
  Symbol(enzyme.__renderer__): Object {
    "batchedUpdates": [Function],
    "getNode": [Function],
    "render": [Function],
    "simulateEvent": [Function],
    "unmount": [Function],
  },
  Symbol(enzyme.__node__): Object {
    "instance": null,
    "key": undefined,
    "nodeType": "host",
    "props": Object {
      "children": Array [
        <div>
          34
</div>,
        <img
          src="www.theworstmovieever.com"
/>,
        <h2>
          Fury
</h2>,
        <h4>
          2014
</h4>,
        <div
          className="overview"
>
          <p>
                    a bunch of text about how bad this move is
          </p>
</div>,
        <div
          onClick={[Function]}
          type="button"
>
          Favorite
</div>,
        <div
          onClick={[Function]}
          type="button"
>
           Remove Favorite 
</div>,
      ],
    },
    "ref": null,
    "rendered": Array [
      Object {
        "instance": null,
        "key": undefined,
        "nodeType": "host",
        "props": Object {
          "children": 34,
        },
        "ref": null,
        "rendered": 34,
        "type": "div",
      },
      Object {
        "instance": null,
        "key": undefined,
        "nodeType": "host",
        "props": Object {
          "src": "www.theworstmovieever.com",
        },
        "ref": null,
        "rendered": null,
        "type": "img",
      },
      Object {
        "instance": null,
        "key": undefined,
        "nodeType": "host",
        "props": Object {
          "children": "Fury",
        },
        "ref": null,
        "rendered": "Fury",
        "type": "h2",
      },
      Object {
        "instance": null,
        "key": undefined,
        "nodeType": "host",
        "props": Object {
          "children": 2014,
        },
        "ref": null,
        "rendered": 2014,
        "type": "h4",
      },
      Object {
        "instance": null,
        "key": undefined,
        "nodeType": "host",
        "props": Object {
          "children": <p>
            a bunch of text about how bad this move is
</p>,
          "className": "overview",
        },
        "ref": null,
        "rendered": Object {
          "instance": null,
          "key": undefined,
          "nodeType": "host",
          "props": Object {
            "children": "a bunch of text about how bad this move is",
          },
          "ref": null,
          "rendered": "a bunch of text about how bad this move is",
          "type": "p",
        },
        "type": "div",
      },
      Object {
        "instance": null,
        "key": undefined,
        "nodeType": "host",
        "props": Object {
          "children": "Favorite",
          "onClick": [Function],
          "type": "button",
        },
        "ref": null,
        "rendered": "Favorite",
        "type": "div",
      },
      Object {
        "instance": null,
        "key": undefined,
        "nodeType": "host",
        "props": Object {
          "children": " Remove Favorite ",
          "onClick": [Function],
          "type": "button",
        },
        "ref": null,
        "rendered": " Remove Favorite ",
        "type": "div",
      },
    ],
    "type": "div",
  },
  Symbol(enzyme.__nodes__): Array [
    Object {
      "instance": null,
      "key": undefined,
      "nodeType": "host",
      "props": Object {
        "children": Array [
          <div>
            34
</div>,
          <img
            src="www.theworstmovieever.com"
/>,
          <h2>
            Fury
</h2>,
          <h4>
            2014
</h4>,
          <div
            className="overview"
>
            <p>
                        a bunch of text about how bad this move is
            </p>
</div>,
          <div
            onClick={[Function]}
            type="button"
>
            Favorite
</div>,
          <div
            onClick={[Function]}
            type="button"
>
             Remove Favorite 
</div>,
        ],
      },
      "ref": null,
      "rendered": Array [
        Object {
          "instance": null,
          "key": undefined,
          "nodeType": "host",
          "props": Object {
            "children": 34,
          },
          "ref": null,
          "rendered": 34,
          "type": "div",
        },
        Object {
          "instance": null,
          "key": undefined,
          "nodeType": "host",
          "props": Object {
            "src": "www.theworstmovieever.com",
          },
          "ref": null,
          "rendered": null,
          "type": "img",
        },
        Object {
          "instance": null,
          "key": undefined,
          "nodeType": "host",
          "props": Object {
            "children": "Fury",
          },
          "ref": null,
          "rendered": "Fury",
          "type": "h2",
        },
        Object {
          "instance": null,
          "key": undefined,
          "nodeType": "host",
          "props": Object {
            "children": 2014,
          },
          "ref": null,
          "rendered": 2014,
          "type": "h4",
        },
        Object {
          "instance": null,
          "key": undefined,
          "nodeType": "host",
          "props": Object {
            "children": <p>
              a bunch of text about how bad this move is
</p>,
            "className": "overview",
          },
          "ref": null,
          "rendered": Object {
            "instance": null,
            "key": undefined,
            "nodeType": "host",
            "props": Object {
              "children": "a bunch of text about how bad this move is",
            },
            "ref": null,
            "rendered": "a bunch of text about how bad this move is",
            "type": "p",
          },
          "type": "div",
        },
        Object {
          "instance": null,
          "key": undefined,
          "nodeType": "host",
          "props": Object {
            "children": "Favorite",
            "onClick": [Function],
            "type": "button",
          },
          "ref": null,
          "rendered": "Favorite",
          "type": "div",
        },
        Object {
          "instance": null,
          "key": undefined,
          "nodeType": "host",
          "props": Object {
            "children": " Remove Favorite ",
            "onClick": [Function],
            "type": "button",
          },
          "ref": null,
          "rendered": " Remove Favorite ",
          "type": "div",
        },
      ],
      "type": "div",
    },
  ],
  Symbol(enzyme.__options__): Object {
    "adapter": ReactSixteenAdapter {
      "options": Object {
        "enableComponentDidUpdateOnSetState": true,
      },
    },
  },
}
`;
