// Jest Snapshot v1, https://goo.gl/fbAQLP

exports[`CreateNewUser should match the snapshot 1`] = `
ShallowWrapper {
  "length": 1,
  Symbol(enzyme.__root__): [Circular],
  Symbol(enzyme.__unrendered__): <CreateNewUser
    handleSignup={[Function]}
/>,
  Symbol(enzyme.__renderer__): Object {
    "batchedUpdates": [Function],
    "getNode": [Function],
    "render": [Function],
    "simulateEvent": [Function],
    "unmount": [Function],
  },
  Symbol(enzyme.__node__): Object {
    "instance": null,
    "key": undefined,
    "nodeType": "host",
    "props": Object {
      "children": Array [
        <h2
          className="login-header"
>
          SIGN UP
</h2>,
        <input
          className="form-field"
          name="name"
          onChange={[Function]}
          placeholder="name"
          type="text"
          value=""
/>,
        <input
          className="form-field"
          name="email"
          onChange={[Function]}
          placeholder="email"
          type="text"
          value=""
/>,
        <input
          className="form-field"
          name="password"
          onChange={[Function]}
          placeholder="password"
          type="text"
          value=""
/>,
        <input
          className="submit-button"
          type="submit"
/>,
      ],
      "className": "new-user-form border",
      "onSubmit": [Function],
      "type": "submit",
    },
    "ref": null,
    "rendered": Array [
      Object {
        "instance": null,
        "key": undefined,
        "nodeType": "host",
        "props": Object {
          "children": "SIGN UP",
          "className": "login-header",
        },
        "ref": null,
        "rendered": "SIGN UP",
        "type": "h2",
      },
      Object {
        "instance": null,
        "key": undefined,
        "nodeType": "host",
        "props": Object {
          "className": "form-field",
          "name": "name",
          "onChange": [Function],
          "placeholder": "name",
          "type": "text",
          "value": "",
        },
        "ref": null,
        "rendered": null,
        "type": "input",
      },
      Object {
        "instance": null,
        "key": undefined,
        "nodeType": "host",
        "props": Object {
          "className": "form-field",
          "name": "email",
          "onChange": [Function],
          "placeholder": "email",
          "type": "text",
          "value": "",
        },
        "ref": null,
        "rendered": null,
        "type": "input",
      },
      Object {
        "instance": null,
        "key": undefined,
        "nodeType": "host",
        "props": Object {
          "className": "form-field",
          "name": "password",
          "onChange": [Function],
          "placeholder": "password",
          "type": "text",
          "value": "",
        },
        "ref": null,
        "rendered": null,
        "type": "input",
      },
      Object {
        "instance": null,
        "key": undefined,
        "nodeType": "host",
        "props": Object {
          "className": "submit-button",
          "type": "submit",
        },
        "ref": null,
        "rendered": null,
        "type": "input",
      },
    ],
    "type": "form",
  },
  Symbol(enzyme.__nodes__): Array [
    Object {
      "instance": null,
      "key": undefined,
      "nodeType": "host",
      "props": Object {
        "children": Array [
          <h2
            className="login-header"
>
            SIGN UP
</h2>,
          <input
            className="form-field"
            name="name"
            onChange={[Function]}
            placeholder="name"
            type="text"
            value=""
/>,
          <input
            className="form-field"
            name="email"
            onChange={[Function]}
            placeholder="email"
            type="text"
            value=""
/>,
          <input
            className="form-field"
            name="password"
            onChange={[Function]}
            placeholder="password"
            type="text"
            value=""
/>,
          <input
            className="submit-button"
            type="submit"
/>,
        ],
        "className": "new-user-form border",
        "onSubmit": [Function],
        "type": "submit",
      },
      "ref": null,
      "rendered": Array [
        Object {
          "instance": null,
          "key": undefined,
          "nodeType": "host",
          "props": Object {
            "children": "SIGN UP",
            "className": "login-header",
          },
          "ref": null,
          "rendered": "SIGN UP",
          "type": "h2",
        },
        Object {
          "instance": null,
          "key": undefined,
          "nodeType": "host",
          "props": Object {
            "className": "form-field",
            "name": "name",
            "onChange": [Function],
            "placeholder": "name",
            "type": "text",
            "value": "",
          },
          "ref": null,
          "rendered": null,
          "type": "input",
        },
        Object {
          "instance": null,
          "key": undefined,
          "nodeType": "host",
          "props": Object {
            "className": "form-field",
            "name": "email",
            "onChange": [Function],
            "placeholder": "email",
            "type": "text",
            "value": "",
          },
          "ref": null,
          "rendered": null,
          "type": "input",
        },
        Object {
          "instance": null,
          "key": undefined,
          "nodeType": "host",
          "props": Object {
            "className": "form-field",
            "name": "password",
            "onChange": [Function],
            "placeholder": "password",
            "type": "text",
            "value": "",
          },
          "ref": null,
          "rendered": null,
          "type": "input",
        },
        Object {
          "instance": null,
          "key": undefined,
          "nodeType": "host",
          "props": Object {
            "className": "submit-button",
            "type": "submit",
          },
          "ref": null,
          "rendered": null,
          "type": "input",
        },
      ],
      "type": "form",
    },
  ],
  Symbol(enzyme.__options__): Object {
    "adapter": ReactSixteenAdapter {
      "options": Object {
        "enableComponentDidUpdateOnSetState": true,
      },
    },
  },
}
`;
